sddsadsa 
